// Jest Snapshot v1, https://goo.gl/fbAQLP

exports[`<Post /> render Post Component 1`] = `ShallowWrapper {}`;
