// Jest Snapshot v1, https://goo.gl/fbAQLP

exports[`<Skillz /> render Skillz Component 1`] = `ShallowWrapper {}`;
